// Jest Snapshot v1, https://goo.gl/fbAQLP

exports[`Component: LoadingScreen should render correctly 1`] = `
<div>
  <div
    class="lds-ring"
  >
    <div />
    <div />
    <div />
    <div />
  </div>
</div>
`;
